Component: ARM Compiler 5.06 update 5 (build 528) Tool: armlink [4d35e2]

==============================================================================

Section Cross References

    main.o(.text) refers to dfs_ramfs.o(.text) for dfs_ramfs_create
    main.o(.text) refers to dfs_fs.o(.text) for dfs_mount
    main.o(.text) refers to main.o(.bss) for ramfs_pool
    usb_winusb.o(.text) refers to ipc.o(.text) for rt_mq_recv
    usb_winusb.o(.text) refers to dfs_posix.o(.text) for stat
    usb_winusb.o(.text) refers to completion.o(.text) for rt_completion_init
    usb_winusb.o(.text) refers to device.o(.text) for rt_device_write
    usb_winusb.o(.text) refers to mem.o(.text) for rt_malloc
    usb_winusb.o(.text) refers to kservice.o(.text) for rt_assert_handler
    usb_winusb.o(.text) refers to fopen.o(.text) for fopen
    usb_winusb.o(.text) refers to freadfast.o(.text) for fread
    usb_winusb.o(.text) refers to fclose.o(.text) for fclose
    usb_winusb.o(.text) refers to dfs_file.o(.text) for dfs_file_unlink
    usb_winusb.o(.text) refers to fwritefast.o(.text) for fwrite
    usb_winusb.o(.text) refers to strcpy.o(.text) for strcpy
    usb_winusb.o(.text) refers to thread.o(.text) for rt_thread_init
    usb_winusb.o(.text) refers to usb_winusb.o(.bss) for usb_mq
    usb_winusb.o(.text) refers to usb_winusb.o(.constdata) for __FUNCTION__
    usb_winusb.o(.rti_fn.6) refers to usb_winusb.o(.text) for application_usb_init
    board.o(.text) refers to stm32f4xx_hal_rcc_ex.o(.text) for HAL_RCC_OscConfig
    board.o(.text) refers to stm32f4xx_hal_rcc.o(.text) for HAL_RCC_ClockConfig
    board.o(.text) refers to irq.o(.text) for rt_interrupt_enter
    board.o(.text) refers to stm32f4xx_hal.o(.text) for HAL_IncTick
    board.o(.text) refers to clock.o(.text) for rt_tick_increase
    board.o(.text) refers to stm32f4xx_hal_cortex.o(.text) for HAL_SYSTICK_Config
    board.o(.text) refers to thread.o(.text) for rt_thread_delay
    board.o(.text) refers to mem.o(.text) for rt_system_heap_init
    board.o(.text) refers to components.o(.text) for rt_components_board_init
    board.o(.text) refers to kservice.o(.text) for rt_console_set_device
    drv_gpio.o(.text) refers to stm32f4xx_hal_gpio.o(.text) for HAL_GPIO_WritePin
    drv_gpio.o(.text) refers to context_rvds.o(.text) for rt_hw_interrupt_disable
    drv_gpio.o(.text) refers to drv_gpio.o(.constdata) for pins
    drv_gpio.o(.text) refers to drv_gpio.o(.data) for pin_irq_hdr_tab
    drv_gpio.o(.text) refers to stm32f4xx_hal_cortex.o(.text) for HAL_NVIC_SetPriority
    drv_gpio.o(.text) refers to pin.o(.text) for rt_device_pin_register
    drv_gpio.o(.text) refers to irq.o(.text) for rt_interrupt_enter
    drv_gpio.o(.constdata) refers to drv_gpio.o(.text) for GPIOE_CLK_ENABLE
    drv_gpio.o(.rti_fn.1) refers to drv_gpio.o(.text) for rt_hw_pin_init
    drv_usart.o(.text) refers to kservice.o(.text) for rt_assert_handler
    drv_usart.o(.text) refers to stm32f4xx_hal_uart.o(.text) for HAL_UART_Init
    drv_usart.o(.text) refers to irq.o(.text) for rt_interrupt_enter
    drv_usart.o(.text) refers to serial.o(.text) for rt_hw_serial_isr
    drv_usart.o(.text) refers to stm32f4xx_hal_gpio.o(.text) for HAL_GPIO_Init
    drv_usart.o(.text) refers to drv_usart.o(.constdata) for __FUNCTION__
    drv_usart.o(.text) refers to drv_usart.o(.bss) for uart3
    drv_usart.o(.constdata) refers to drv_usart.o(.text) for drv_configure
    drv_usart.o(.rti_fn.1) refers to drv_usart.o(.text) for hw_usart_init
    drv_usbd.o(.text) refers to irq.o(.text) for rt_interrupt_enter
    drv_usbd.o(.text) refers to stm32f4xx_hal_pcd.o(.text) for HAL_PCD_IRQHandler
    drv_usbd.o(.text) refers to core.o(.text) for rt_usbd_reset_handler
    drv_usbd.o(.text) refers to stm32f4xx_hal_gpio.o(.text) for HAL_GPIO_Init
    drv_usbd.o(.text) refers to stm32f4xx_hal_cortex.o(.text) for HAL_NVIC_SetPriority
    drv_usbd.o(.text) refers to kservice.o(.text) for rt_assert_handler
    drv_usbd.o(.text) refers to stm32f4xx_hal_pcd_ex.o(.text) for HAL_PCDEx_SetRxFiFo
    drv_usbd.o(.text) refers to device.o(.text) for rt_device_register
    drv_usbd.o(.text) refers to usbdevice.o(.text) for rt_usb_device_init
    drv_usbd.o(.text) refers to drv_usbd.o(.bss) for _stm_pcd
    drv_usbd.o(.text) refers to drv_usbd.o(.constdata) for __FUNCTION__
    drv_usbd.o(.text) refers to drv_usbd.o(.data) for _ep_pool
    drv_usbd.o(.constdata) refers to drv_usbd.o(.text) for _set_address
    drv_usbd.o(.rti_fn.3) refers to drv_usbd.o(.text) for stm_usbd_register
    system_stm32f4xx.o(.text) refers to system_stm32f4xx.o(.data) for SystemCoreClock
    system_stm32f4xx.o(.text) refers to system_stm32f4xx.o(.constdata) for AHBPrescTable
    startup_stm32f412zx.o(STACK) refers (Special) to heapauxi.o(.text) for __use_two_region_memory
    startup_stm32f412zx.o(HEAP) refers (Special) to heapauxi.o(.text) for __use_two_region_memory
    startup_stm32f412zx.o(RESET) refers (Special) to heapauxi.o(.text) for __use_two_region_memory
[...]
    rt_thread_self                           0x0800b46b   Thumb Code     6  thread.o(.text)
    rt_thread_resume                         0x0800b471   Thumb Code   100  thread.o(.text)
    rt_thread_startup                        0x0800b4d5   Thumb Code    88  thread.o(.text)
    rt_thread_detach                         0x0800b52d   Thumb Code    84  thread.o(.text)
    rt_thread_create                         0x0800b581   Thumb Code    80  thread.o(.text)
    rt_thread_delete                         0x0800b5d1   Thumb Code    74  thread.o(.text)
    rt_thread_yield                          0x0800b61b   Thumb Code    92  thread.o(.text)
    rt_thread_suspend                        0x0800b677   Thumb Code   350  thread.o(.text)
    rt_thread_sleep                          0x0800b7d5   Thumb Code    78  thread.o(.text)
    rt_thread_delay                          0x0800b823   Thumb Code    12  thread.o(.text)
    rt_thread_control                        0x0800b82f   Thumb Code   134  thread.o(.text)
    rt_thread_find                           0x0800b8b5   Thumb Code    96  thread.o(.text)
    rt_timer_timeout_sethook                 0x0800b94b   Thumb Code     6  timer.o(.text)
    rt_timer_init                            0x0800b9dd   Thumb Code    58  timer.o(.text)
    rt_timer_detach                          0x0800ba17   Thumb Code    44  timer.o(.text)
    rt_timer_create                          0x0800ba43   Thumb Code    54  timer.o(.text)
    rt_timer_delete                          0x0800ba79   Thumb Code    46  timer.o(.text)
    rt_timer_start                           0x0800baa7   Thumb Code   292  timer.o(.text)
    rt_timer_stop                            0x0800bbcb   Thumb Code    80  timer.o(.text)
    rt_timer_control                         0x0800bc1b   Thumb Code    76  timer.o(.text)
    rt_timer_check                           0x0800bc67   Thumb Code   148  timer.o(.text)
    rt_timer_next_timeout_tick               0x0800bcfb   Thumb Code    10  timer.o(.text)
    rt_system_timer_init                     0x0800bd05   Thumb Code    24  timer.o(.text)
    rt_system_timer_thread_init              0x0800bd1d   Thumb Code     2  timer.o(.text)
    rt_hw_stack_init                         0x0800bd99   Thumb Code    74  cpuport.o(.text)
    rt_hw_exception_install                  0x0800bde3   Thumb Code     6  cpuport.o(.text)
    rt_hw_hard_fault_exception               0x0800bde9   Thumb Code   112  cpuport.o(.text)
    rt_hw_cpu_shutdown                       0x0800be59   Thumb Code    20  cpuport.o(.text)
    rt_hw_interrupt_disable                  0x0800bf29   Thumb Code     8  context_rvds.o(.text)
    rt_hw_interrupt_enable                   0x0800bf31   Thumb Code     6  context_rvds.o(.text)
    rt_hw_context_switch                     0x0800bf37   Thumb Code    32  context_rvds.o(.text)
    rt_hw_context_switch_interrupt           0x0800bf37   Thumb Code     0  context_rvds.o(.text)
    PendSV_Handler                           0x0800bf57   Thumb Code   108  context_rvds.o(.text)
    rt_hw_context_switch_to                  0x0800bfc3   Thumb Code    70  context_rvds.o(.text)
    rt_hw_interrupt_thread_switch            0x0800c009   Thumb Code     2  context_rvds.o(.text)
    HardFault_Handler                        0x0800c00b   Thumb Code    20  context_rvds.o(.text)
    dfs_init                                 0x0800c039   Thumb Code    74  dfs.o(.text)
    dfs_lock                                 0x0800c083   Thumb Code    28  dfs.o(.text)
    dfs_unlock                               0x0800c09f   Thumb Code    10  dfs.o(.text)
    fd_new                                   0x0800c0a9   Thumb Code    62  dfs.o(.text)
    fd_get                                   0x0800c0e7   Thumb Code    60  dfs.o(.text)
    fd_put                                   0x0800c123   Thumb Code    44  dfs.o(.text)
    dfs_normalize_path                       0x0800c14f   Thumb Code   340  dfs.o(.text)
    fd_is_open                               0x0800c2a3   Thumb Code   152  dfs.o(.text)
    dfs_subdir                               0x0800c33b   Thumb Code    56  dfs.o(.text)
    list_fd                                  0x0800c373   Thumb Code   118  dfs.o(.text)
    dfs_file_open                            0x0800c4a9   Thumb Code   234  dfs_file.o(.text)
    dfs_file_close                           0x0800c593   Thumb Code    50  dfs_file.o(.text)
    dfs_file_ioctl                           0x0800c5c5   Thumb Code    84  dfs_file.o(.text)
    dfs_file_read                            0x0800c619   Thumb Code    62  dfs_file.o(.text)
    dfs_file_getdents                        0x0800c657   Thumb Code    48  dfs_file.o(.text)
    dfs_file_unlink                          0x0800c687   Thumb Code   148  dfs_file.o(.text)
    dfs_file_write                           0x0800c71b   Thumb Code    42  dfs_file.o(.text)
    dfs_file_flush                           0x0800c745   Thumb Code    34  dfs_file.o(.text)
    dfs_file_lseek                           0x0800c767   Thumb Code    48  dfs_file.o(.text)
    dfs_file_stat                            0x0800c797   Thumb Code   182  dfs_file.o(.text)
    dfs_file_rename                          0x0800c84d   Thumb Code   170  dfs_file.o(.text)
    ls                                       0x0800c8f7   Thumb Code   216  dfs_file.o(.text)
    rm                                       0x0800c9cf   Thumb Code    24  dfs_file.o(.text)
    cat                                      0x0800c9e7   Thumb Code    78  dfs_file.o(.text)
    copy                                     0x0800cbf5   Thumb Code   636  dfs_file.o(.text)
    dfs_register                             0x0800ce71   Thumb Code    98  dfs_fs.o(.text)
    dfs_filesystem_lookup                    0x0800ced3   Thumb Code   114  dfs_fs.o(.text)
    dfs_filesystem_get_mounted_path          0x0800cf45   Thumb Code    52  dfs_fs.o(.text)
    dfs_filesystem_get_partition             0x0800cf79   Thumb Code   206  dfs_fs.o(.text)
    dfs_mount                                0x0800d047   Thumb Code   402  dfs_fs.o(.text)
    dfs_unmount                              0x0800d1d9   Thumb Code   284  dfs_fs.o(.text)
    dfs_mkfs                                 0x0800d2f5   Thumb Code   138  dfs_fs.o(.text)
    dfs_statfs                               0x0800d37f   Thumb Code    40  dfs_fs.o(.text)
    mkfs                                     0x0800d3a7   Thumb Code    16  dfs_fs.o(.text)
    df                                       0x0800d3b7   Thumb Code   192  dfs_fs.o(.text)
    open                                     0x0800d501   Thumb Code    94  dfs_posix.o(.text)
    close                                    0x0800d55f   Thumb Code    68  dfs_posix.o(.text)
    read                                     0x0800d5a3   Thumb Code    80  dfs_posix.o(.text)
    write                                    0x0800d5f3   Thumb Code    80  dfs_posix.o(.text)
    lseek                                    0x0800d643   Thumb Code   150  dfs_posix.o(.text)
    rename                                   0x0800d6d9   Thumb Code    36  dfs_posix.o(.text)
    unlink                                   0x0800d6fd   Thumb Code    32  dfs_posix.o(.text)
    stat                                     0x0800d71d   Thumb Code    36  dfs_posix.o(.text)
    fstat                                    0x0800d741   Thumb Code    82  dfs_posix.o(.text)
    fsync                                    0x0800d793   Thumb Code    46  dfs_posix.o(.text)
    fcntl                                    0x0800d7c1   Thumb Code    66  dfs_posix.o(.text)
    ioctl                                    0x0800d803   Thumb Code    20  dfs_posix.o(.text)
    statfs                                   0x0800d817   Thumb Code    36  dfs_posix.o(.text)
    mkdir                                    0x0800d83b   Thumb Code   104  dfs_posix.o(.text)
    rmdir                                    0x0800d8a3   Thumb Code    32  dfs_posix.o(.text)
    opendir                                  0x0800d8c3   Thumb Code   128  dfs_posix.o(.text)
    readdir                                  0x0800d943   Thumb Code   132  dfs_posix.o(.text)
    telldir                                  0x0800d9c7   Thumb Code    50  dfs_posix.o(.text)
    seekdir                                  0x0800d9f9   Thumb Code    58  dfs_posix.o(.text)
    rewinddir                                0x0800da33   Thumb Code    56  dfs_posix.o(.text)
    closedir                                 0x0800da6b   Thumb Code    74  dfs_posix.o(.text)
    chdir                                    0x0800dab5   Thumb Code   140  dfs_posix.o(.text)
    access                                   0x0800db41   Thumb Code    32  dfs_posix.o(.text)
    getcwd                                   0x0800db61   Thumb Code    28  dfs_posix.o(.text)
    dfs_device_fs_mount                      0x0800db89   Thumb Code     6  devfs.o(.text)
    dfs_device_fs_ioctl                      0x0800db8f   Thumb Code    60  devfs.o(.text)
    dfs_device_fs_read                       0x0800dbcb   Thumb Code    62  devfs.o(.text)
    dfs_device_fs_write                      0x0800dc09   Thumb Code    62  devfs.o(.text)
    dfs_device_fs_close                      0x0800dc47   Thumb Code    86  devfs.o(.text)
    dfs_device_fs_open                       0x0800dc9d   Thumb Code   258  devfs.o(.text)
    dfs_device_fs_stat                       0x0800dd9f   Thumb Code   148  devfs.o(.text)
    dfs_device_fs_getdents                   0x0800de33   Thumb Code   122  devfs.o(.text)
    devfs_init                               0x0800deb3   Thumb Code    12  devfs.o(.text)
    dfs_ramfs_mount                          0x0800df31   Thumb Code    22  dfs_ramfs.o(.text)
    dfs_ramfs_unmount                        0x0800df47   Thumb Code     8  dfs_ramfs.o(.text)
    dfs_ramfs_statfs                         0x0800df4f   Thumb Code    54  dfs_ramfs.o(.text)
    dfs_ramfs_ioctl                          0x0800df85   Thumb Code     8  dfs_ramfs.o(.text)
    dfs_ramfs_lookup                         0x0800df8d   Thumb Code    86  dfs_ramfs.o(.text)
    dfs_ramfs_read                           0x0800dfe3   Thumb Code    80  dfs_ramfs.o(.text)
    dfs_ramfs_write                          0x0800e033   Thumb Code   124  dfs_ramfs.o(.text)
    dfs_ramfs_lseek                          0x0800e0af   Thumb Code    20  dfs_ramfs.o(.text)
    dfs_ramfs_close                          0x0800e0c3   Thumb Code     8  dfs_ramfs.o(.text)
    dfs_ramfs_open                           0x0800e0cb   Thumb Code   278  dfs_ramfs.o(.text)
    dfs_ramfs_stat                           0x0800e1e1   Thumb Code    58  dfs_ramfs.o(.text)
    dfs_ramfs_getdents                       0x0800e21b   Thumb Code   160  dfs_ramfs.o(.text)
    dfs_ramfs_unlink                         0x0800e2bb   Thumb Code    82  dfs_ramfs.o(.text)
    dfs_ramfs_rename                         0x0800e30d   Thumb Code   180  dfs_ramfs.o(.text)
    dfs_ramfs_init                           0x0800e3c1   Thumb Code    12  dfs_ramfs.o(.text)
    dfs_ramfs_create                         0x0800e3cd   Thumb Code   104  dfs_ramfs.o(.text)
    rt_device_pin_register                   0x0800e4fd   Thumb Code    56  pin.o(.text)
    rt_pin_attach_irq                        0x0800e535   Thumb Code    60  pin.o(.text)
    rt_pin_dettach_irq                       0x0800e571   Thumb Code    46  pin.o(.text)
    rt_pin_irq_enable                        0x0800e59f   Thumb Code    50  pin.o(.text)
    rt_pin_mode                              0x0800e5d1   Thumb Code    38  pin.o(.text)
    rt_pin_write                             0x0800e5f7   Thumb Code    38  pin.o(.text)
    rt_pin_read                              0x0800e61d   Thumb Code    34  pin.o(.text)
    rt_hw_serial_register                    0x0800f189   Thumb Code    86  serial.o(.text)
    rt_hw_serial_isr                         0x0800f1df   Thumb Code   388  serial.o(.text)
    rt_completion_init                       0x0800f539   Thumb Code    42  completion.o(.text)
    rt_completion_wait                       0x0800f563   Thumb Code   198  completion.o(.text)
    rt_completion_done                       0x0800f629   Thumb Code    76  completion.o(.text)
    rt_data_queue_init                       0x0800f70f   Thumb Code    76  dataqueue.o(.text)
    rt_data_queue_push                       0x0800f75b   Thumb Code   282  dataqueue.o(.text)
    rt_data_queue_pop                        0x0800f875   Thumb Code   342  dataqueue.o(.text)
    rt_data_queue_peak                       0x0800f9cb   Thumb Code   104  dataqueue.o(.text)
    rt_data_queue_reset                      0x0800fa33   Thumb Code   106  dataqueue.o(.text)
    rt_wqueue_add                            0x0800fb25   Thumb Code    36  waitqueue.o(.text)
    rt_wqueue_remove                         0x0800fb49   Thumb Code    38  waitqueue.o(.text)
    __wqueue_default_wake                    0x0800fb6f   Thumb Code     6  waitqueue.o(.text)
    rt_wqueue_wakeup                         0x0800fb75   Thumb Code   100  waitqueue.o(.text)
    rt_wqueue_wait                           0x0800fbd9   Thumb Code   156  waitqueue.o(.text)
    rt_usbd_ep0_write                        0x0800fecf   Thumb Code   126  core.o(.text)
    rt_usbd_ep0_set_stall                    0x0800ffd7   Thumb Code    28  core.o(.text)
    rt_usbd_find_interface                   0x0801032b   Thumb Code   128  core.o(.text)
    rt_usbd_find_altsetting                  0x08010407   Thumb Code    86  core.o(.text)
    rt_usbd_set_altsetting                   0x0801045d   Thumb Code    40  core.o(.text)
    rt_usbd_find_config                      0x08010567   Thumb Code    88  core.o(.text)
    rt_usbd_set_config                       0x080105bf   Thumb Code    68  core.o(.text)
    rt_usbd_set_feature                      0x080108b1   Thumb Code    50  core.o(.text)
    rt_usbd_find_endpoint                    0x080108e3   Thumb Code   126  core.o(.text)
    rt_usbd_io_request                       0x08010a5d   Thumb Code   132  core.o(.text)
    rt_usbd_clear_feature                    0x08010ae1   Thumb Code    50  core.o(.text)
    rt_usbd_ep0_read                         0x08011121   Thumb Code   392  core.o(.text)
    rt_usbd_device_new                       0x080113b7   Thumb Code    56  core.o(.text)
    rt_usbd_device_set_string                0x080113ef   Thumb Code    40  core.o(.text)
    rt_usbd_device_set_os_comp_id_desc       0x08011417   Thumb Code    50  core.o(.text)
    rt_usbd_device_set_qualifier             0x08011449   Thumb Code    40  core.o(.text)
    rt_usbd_device_set_controller            0x08011471   Thumb Code    40  core.o(.text)
    rt_usbd_device_set_descriptor            0x08011499   Thumb Code    50  core.o(.text)
    rt_usbd_config_new                       0x080114cb   Thumb Code    72  core.o(.text)
    rt_usbd_interface_new                    0x08011513   Thumb Code    76  core.o(.text)
    rt_usbd_altsetting_new                   0x0801155f   Thumb Code    88  core.o(.text)
    rt_usbd_altsetting_config_descriptor     0x080115b7   Thumb Code    58  core.o(.text)
    rt_usbd_function_new                     0x080115f1   Thumb Code    86  core.o(.text)
    rt_usbd_endpoint_new                     0x08011647   Thumb Code    68  core.o(.text)
    rt_usbd_find_device                      0x0801168b   Thumb Code   328  core.o(.text)
    rt_usbd_device_add_config                0x080118a1   Thumb Code   186  core.o(.text)
    rt_usbd_config_add_function              0x0801195b   Thumb Code    52  core.o(.text)
    rt_usbd_function_add_interface           0x0801198f   Thumb Code    52  core.o(.text)
    rt_usbd_interface_add_altsetting         0x080119c3   Thumb Code    60  core.o(.text)
    rt_usbd_altsetting_add_endpoint          0x080119ff   Thumb Code    56  core.o(.text)
    rt_usbd_os_comp_id_desc_add_os_func_comp_id_desc 0x08011a37   Thumb Code    56  core.o(.text)
    rt_usbd_ep0_clear_stall                  0x08011a6f   Thumb Code    28  core.o(.text)
    rt_usbd_ep_set_stall                     0x08011a8b   Thumb Code    76  core.o(.text)
    rt_usbd_ep_clear_stall                   0x08011ad7   Thumb Code    76  core.o(.text)
    rt_usbd_event_signal                     0x08011b87   Thumb Code   250  core.o(.text)
    rt_usbd_ep0_setup_handler                0x08011c81   Thumb Code    80  core.o(.text)
    rt_usbd_ep0_in_handler                   0x08011cd1   Thumb Code   120  core.o(.text)
    rt_usbd_ep0_out_handler                  0x08011d49   Thumb Code    42  core.o(.text)
    rt_usbd_ep_in_handler                    0x08011d73   Thumb Code    48  core.o(.text)
    rt_usbd_ep_out_handler                   0x08011da3   Thumb Code    48  core.o(.text)
    rt_usbd_reset_handler                    0x08011dd3   Thumb Code    38  core.o(.text)
    rt_usbd_connect_handler                  0x08011df9   Thumb Code    38  core.o(.text)
    rt_usbd_disconnect_handler               0x08011e1f   Thumb Code    38  core.o(.text)
    rt_usbd_sof_handler                      0x08011e45   Thumb Code    38  core.o(.text)
    rt_usbd_core_init                        0x08011f1b   Thumb Code    68  core.o(.text)
    rt_usb_device_init                       0x080120e5   Thumb Code   112  usbdevice.o(.text)
    rt_usbd_function_winusb_create           0x08012489   Thumb Code   206  winusb.o(.text)
    finsh_get_prompt                         0x08012671   Thumb Code    66  shell.o(.text)
    finsh_set_echo                           0x080126bf   Thumb Code    30  shell.o(.text)
    finsh_get_echo                           0x080126dd   Thumb Code    32  shell.o(.text)
    finsh_thread_entry                       0x0801281f   Thumb Code  1294  shell.o(.text)
    finsh_system_function_init               0x08012d2d   Thumb Code    10  shell.o(.text)
    finsh_system_var_init                    0x08012d37   Thumb Code    10  shell.o(.text)
    finsh_system_init                        0x08012d41   Thumb Code   114  shell.o(.text)
    hello                                    0x08012e25   Thumb Code    12  cmd.o(.text)
    version                                  0x08012e31   Thumb Code    10  cmd.o(.text)
    list_thread                              0x08012f35   Thumb Code    18  cmd.o(.text)
    list_sem                                 0x08012fff   Thumb Code    18  cmd.o(.text)
    list_event                               0x0801308f   Thumb Code    18  cmd.o(.text)
    list_mutex                               0x080130fd   Thumb Code    18  cmd.o(.text)
    list_mailbox                             0x080131b3   Thumb Code    18  cmd.o(.text)
    list_msgqueue                            0x0801352b   Thumb Code    18  cmd.o(.text)
    list_memheap                             0x08013589   Thumb Code    18  cmd.o(.text)
    list_mempool                             0x08013621   Thumb Code    18  cmd.o(.text)
    list_timer                               0x080136a3   Thumb Code    18  cmd.o(.text)
    list_device                              0x08013731   Thumb Code    18  cmd.o(.text)
    list                                     0x08013743   Thumb Code    54  cmd.o(.text)
    msh_is_used                              0x08013a15   Thumb Code     4  msh.o(.text)
    msh_help                                 0x08013a19   Thumb Code    66  msh.o(.text)
    msh_exec                                 0x08013bf9   Thumb Code   108  msh.o(.text)
    msh_auto_complete_path                   0x08013c85   Thumb Code   538  msh.o(.text)
    msh_auto_complete                        0x08013e9f   Thumb Code   182  msh.o(.text)
    cmd_ls                                   0x08013f5d   Thumb Code    28  msh_cmd.o(.text)
    cmd_cp                                   0x08013f79   Thumb Code    36  msh_cmd.o(.text)
    cmd_mv                                   0x08013f9d   Thumb Code   194  msh_cmd.o(.text)
    cmd_cat                                  0x0801405f   Thumb Code    48  msh_cmd.o(.text)
    cmd_rm                                   0x0801408f   Thumb Code    48  msh_cmd.o(.text)
    cmd_cd                                   0x080140bf   Thumb Code    44  msh_cmd.o(.text)
    cmd_pwd                                  0x080140eb   Thumb Code    18  msh_cmd.o(.text)
    cmd_mkdir                                0x080140fd   Thumb Code    36  msh_cmd.o(.text)
    cmd_mkfs                                 0x08014121   Thumb Code    82  msh_cmd.o(.text)
    cmd_df                                   0x08014173   Thumb Code    56  msh_cmd.o(.text)
    cmd_echo                                 0x080141ab   Thumb Code    92  msh_cmd.o(.text)
    cmd_ps                                   0x08014207   Thumb Code    14  msh_cmd.o(.text)
    cmd_time                                 0x08014215   Thumb Code     6  msh_cmd.o(.text)
    cmd_free                                 0x0801421b   Thumb Code    14  msh_cmd.o(.text)
    msh_exec_script                          0x080144bf   Thumb Code   272  msh_file.o(.text)
    libc_system_init                         0x080145e5   Thumb Code    22  libc.o(.text)
    malloc                                   0x080145fb   Thumb Code    12  mem_std.o(.text)
    realloc                                  0x08014607   Thumb Code    16  mem_std.o(.text)
    calloc                                   0x08014617   Thumb Code    16  mem_std.o(.text)
    free                                     0x08014627   Thumb Code    12  mem_std.o(.text)
    libc_stdio_set_console                   0x08014635   Thumb Code    70  stdio.o(.text)
    libc_stdio_get_console                   0x0801467b   Thumb Code     6  stdio.o(.text)
    libc_stdio_read                          0x08014681   Thumb Code    20  stdio.o(.text)
    libc_stdio_write                         0x08014695   Thumb Code    20  stdio.o(.text)
    _sys_open                                0x080146b5   Thumb Code   146  stubs.o(.text)
    _sys_close                               0x08014747   Thumb Code    20  stubs.o(.text)
    _sys_read                                0x0801475b   Thumb Code    70  stubs.o(.text)
    _sys_write                               0x080147a1   Thumb Code    70  stubs.o(.text)
    _sys_seek                                0x080147e7   Thumb Code    28  stubs.o(.text)
    _sys_tmpnam                              0x08014803   Thumb Code     8  stubs.o(.text)
    _sys_command_string                      0x0801480b   Thumb Code     2  stubs.o(.text)
    _ttywrch                                 0x0801480d   Thumb Code    16  stubs.o(.text)
    _sys_exit                                0x0801481d   Thumb Code     4  stubs.o(.text)
    _sys_flen                                0x08014821   Thumb Code     8  stubs.o(.text)
    _sys_istty                               0x08014829   Thumb Code     6  stubs.o(.text)
    remove                                   0x0801482f   Thumb Code    12  stubs.o(.text)
    system                                   0x0801483b   Thumb Code    16  stubs.o(.text)
    time                                     0x0801484b   Thumb Code     6  stubs.o(.text)
    __semihosting$guard                      0x08014865   Thumb Code     0  use_no_semi.o(.text)
    __use_no_semihosting_swi                 0x08014865   Thumb Code     2  use_no_semi.o(.text)
    __use_no_heap                            0x08014867   Thumb Code     2  hguard.o(.text)
    __I$use$heap                             0x08014869   Thumb Code     2  hguard.o(.text)
    __aeabi_uldivmod                         0x0801486b   Thumb Code     0  lludivv7m.o(.text)
    _ll_udiv                                 0x0801486b   Thumb Code   238  lludivv7m.o(.text)
    __aeabi_ldivmod                          0x08014959   Thumb Code     0  llsdiv.o(.text)
    _ll_sdiv                                 0x08014959   Thumb Code    72  llsdiv.o(.text)
    __2snprintf                              0x080149a1   Thumb Code    48  noretval__2snprintf.o(.text)
    __printf                                 0x080149d5   Thumb Code   104  __printf.o(.text)
    _printf_str                              0x08014a3d   Thumb Code    82  _printf_str.o(.text)
    getc                                     0x08014a8f   Thumb Code     4  getc.o(.text)
    freopen                                  0x08014a95   Thumb Code   158  fopen.o(.text)
    fopen                                    0x08014b33   Thumb Code    74  fopen.o(.text)
    _fclose_internal                         0x08014b81   Thumb Code    76  fclose.o(.text)
    fclose                                   0x08014b81   Thumb Code     0  fclose.o(.text)
    strstr                                   0x08014bcd   Thumb Code    36  strstr.o(.text)
    memcmp                                   0x08014bf1   Thumb Code    88  memcmp.o(.text)
    strcpy                                   0x08014c49   Thumb Code    72  strcpy.o(.text)
    strrchr                                  0x08014c91   Thumb Code    22  strrchr.o(.text)
    strlen                                   0x08014ca7   Thumb Code    62  strlen.o(.text)
    strncmp                                  0x08014ce5   Thumb Code   150  strncmp.o(.text)
    strcat                                   0x08014d7b   Thumb Code    24  strcat.o(.text)
    __aeabi_memcpy                           0x08014d93   Thumb Code     0  rt_memcpy_v6.o(.text)
    __rt_memcpy                              0x08014d93   Thumb Code   138  rt_memcpy_v6.o(.text)
    _memcpy_lastbytes                        0x08014df9   Thumb Code     0  rt_memcpy_v6.o(.text)
    __aeabi_memcpy4                          0x08014e1d   Thumb Code     0  rt_memcpy_w.o(.text)
    __aeabi_memcpy8                          0x08014e1d   Thumb Code     0  rt_memcpy_w.o(.text)
    __rt_memcpy_w                            0x08014e1d   Thumb Code   100  rt_memcpy_w.o(.text)
    _memcpy_lastbytes_aligned                0x08014e65   Thumb Code     0  rt_memcpy_w.o(.text)
    __aeabi_memclr                           0x08014e81   Thumb Code     0  rt_memclr.o(.text)
    __rt_memclr                              0x08014e81   Thumb Code    68  rt_memclr.o(.text)
    _memset                                  0x08014e85   Thumb Code     0  rt_memclr.o(.text)
    __aeabi_memclr4                          0x08014ec5   Thumb Code     0  rt_memclr_w.o(.text)
    __aeabi_memclr8                          0x08014ec5   Thumb Code     0  rt_memclr_w.o(.text)
    __rt_memclr_w                            0x08014ec5   Thumb Code    78  rt_memclr_w.o(.text)
    _memset_w                                0x08014ec9   Thumb Code     0  rt_memclr_w.o(.text)
    strncpy                                  0x08014f13   Thumb Code    86  strncpy.o(.text)
    strcmp                                   0x08014f69   Thumb Code   128  strcmpv7m.o(.text)
    __use_two_region_memory                  0x08014fe9   Thumb Code     2  heapauxi.o(.text)
    __rt_heap_escrow$2region                 0x08014feb   Thumb Code     2  heapauxi.o(.text)
    __rt_heap_expand$2region                 0x08014fed   Thumb Code     2  heapauxi.o(.text)
    _printf_char_common                      0x08014ffb   Thumb Code    32  _printf_char_common.o(.text)
    _sputc                                   0x08015021   Thumb Code    10  _sputc.o(.text)
    _snputc                                  0x0801502b   Thumb Code    16  _snputc.o(.text)
    _printf_cs_common                        0x0801503b   Thumb Code    20  _printf_char.o(.text)
    _printf_char                             0x0801504f   Thumb Code    16  _printf_char.o(.text)
    _printf_string                           0x0801505f   Thumb Code     8  _printf_char.o(.text)
    _fseek                                   0x08015069   Thumb Code   242  fseek.o(.text)
    fseek                                    0x08015069   Thumb Code     0  fseek.o(.text)
    _seterr                                  0x08015161   Thumb Code    20  stdio.o(.text)
    _writebuf                                0x08015175   Thumb Code    84  stdio.o(.text)
    _fflush                                  0x080151c9   Thumb Code    70  stdio.o(.text)
    _deferredlazyseek                        0x0801520f   Thumb Code    60  stdio.o(.text)
    _initio                                  0x08015251   Thumb Code   210  initio.o(.text)
    _terminateio                             0x08015323   Thumb Code    56  initio.o(.text)
    _readbuf                                 0x08015389   Thumb Code    54  filbuf.o(.text)
    _seteof                                  0x080153bf   Thumb Code    40  filbuf.o(.text)
    __filbuf                                 0x080153e7   Thumb Code   476  filbuf.o(.text)
    __filbuf_byte                            0x080153e7   Thumb Code     0  filbuf.o(.text)
    __filbuf_wide                            0x080153e7   Thumb Code     0  filbuf.o(.text)
    __flsbuf                                 0x080155c3   Thumb Code   470  flsbuf.o(.text)
    __flsbuf_byte                            0x080155c3   Thumb Code     0  flsbuf.o(.text)
    __flsbuf_wide                            0x080155c3   Thumb Code     0  flsbuf.o(.text)
    _ftell_internal                          0x08015799   Thumb Code    66  ftell.o(.text)
    ftell                                    0x08015799   Thumb Code     0  ftell.o(.text)
    setvbuf                                  0x080157db   Thumb Code    70  setvbuf.o(.text)
    __rt_SIGRTRED                            0x08015821   Thumb Code    14  defsig_rtred_outer.o(.text)
    __user_setup_stackheap                   0x0801582f   Thumb Code    74  sys_stackheap_outer.o(.text)
    __aeabi_errno_addr                       0x08015879   Thumb Code     8  rt_errno_addr_intlibspace.o(.text)
    __errno$intlibspace                      0x08015879   Thumb Code     0  rt_errno_addr_intlibspace.o(.text)
    __rt_errno_addr$intlibspace              0x08015879   Thumb Code     0  rt_errno_addr_intlibspace.o(.text)
    fread                                    0x08015881   Thumb Code   280  freadfast.o(.text)
    fwrite                                   0x08015999   Thumb Code   188  fwritefast.o(.text)
    _flushlinebuffered                       0x08015a55   Thumb Code    50  flushlinebuffered.o(.text)
    exit                                     0x08015a8d   Thumb Code    18  exit.o(.text)
    __sig_exit                               0x08015a9f   Thumb Code    10  defsig_exit.o(.text)
    __rt_SIGRTRED_inner                      0x08015aa9   Thumb Code    14  defsig_rtred_inner.o(.text)
    __user_libspace                          0x08015add   Thumb Code     8  libspace.o(.text)
    __user_perproc_libspace                  0x08015add   Thumb Code     0  libspace.o(.text)
    __user_perthread_libspace                0x08015add   Thumb Code     0  libspace.o(.text)
    _do_fflush                               0x08015ae5   Thumb Code    54  fflush.o(.text)
    fflush                                   0x08015b1b   Thumb Code    42  fflush.o(.text)
    __default_signal_display                 0x08015b49   Thumb Code    50  defsig_general.o(.text)
    fgetc                                    0x08015b7b   Thumb Code    24  fgetc.o(i.fgetc)
    _fp_init                                 0x08015b93   Thumb Code    10  fpinit.o(x$fpl$fpinit)
    __fplib_config_fpu_vfp                   0x08015b9b   Thumb Code     0  fpinit.o(x$fpl$fpinit)
    __fplib_config_pureend_doubles           0x08015b9b   Thumb Code     0  fpinit.o(x$fpl$fpinit)
    AHBPrescTable                            0x080165c4   Data          16  system_stm32f4xx.o(.constdata)
    APBPrescTable                            0x080165d4   Data           8  system_stm32f4xx.o(.constdata)
    __lowest_bit_bitmap                      0x0801689c   Data         256  kservice.o(.constdata)
    __stdin_name                             0x080177de   Data           6  stubs.o(.constdata)
    __stdout_name                            0x080177e4   Data           7  stubs.o(.constdata)
    __stderr_name                            0x080177eb   Data           7  stubs.o(.constdata)
    __fsym_list_mem_name                     0x08017af1   Data           9  mem.o(.rodata.name)
    __fsym_list_mem_desc                     0x08017afa   Data          30  mem.o(.rodata.name)
    __fsym___cmd_list_fd_name                0x08017b18   Data          14  dfs.o(.rodata.name)
    __fsym___cmd_list_fd_desc                0x08017b26   Data          21  dfs.o(.rodata.name)
    __fsym_ls_name                           0x08017b3b   Data           3  dfs_file.o(.rodata.name)
    __fsym_ls_desc                           0x08017b3e   Data          24  dfs_file.o(.rodata.name)
    __fsym_rm_name                           0x08017b56   Data           3  dfs_file.o(.rodata.name)
    __fsym_rm_desc                           0x08017b59   Data          28  dfs_file.o(.rodata.name)
    __fsym_cat_name                          0x08017b75   Data           4  dfs_file.o(.rodata.name)
    __fsym_cat_desc                          0x08017b79   Data          11  dfs_file.o(.rodata.name)
    __fsym_copy_name                         0x08017b84   Data           5  dfs_file.o(.rodata.name)
    __fsym_copy_desc                         0x08017b89   Data          17  dfs_file.o(.rodata.name)
    __fsym_mkfs_name                         0x08017b9a   Data           5  dfs_fs.o(.rodata.name)
    __fsym_mkfs_desc                         0x08017b9f   Data          19  dfs_fs.o(.rodata.name)
    __fsym_df_name                           0x08017bb2   Data           3  dfs_fs.o(.rodata.name)
    __fsym_df_desc                           0x08017bb5   Data          14  dfs_fs.o(.rodata.name)
    __fsym_mkdir_name                        0x08017bc3   Data           6  dfs_posix.o(.rodata.name)
    __fsym_mkdir_desc                        0x08017bc9   Data          19  dfs_posix.o(.rodata.name)
    __fsym_cd_name                           0x08017bdc   Data           3  dfs_posix.o(.rodata.name)
    __fsym_cd_desc                           0x08017bdf   Data          33  dfs_posix.o(.rodata.name)
    __fsym_pinMode_name                      0x08017c00   Data           8  pin.o(.rodata.name)
    __fsym_pinMode_desc                      0x08017c08   Data          22  pin.o(.rodata.name)
    __fsym_pinWrite_name                     0x08017c1e   Data           9  pin.o(.rodata.name)
    __fsym_pinWrite_desc                     0x08017c27   Data          28  pin.o(.rodata.name)
    __fsym_pinRead_name                      0x08017c43   Data           8  pin.o(.rodata.name)
    __fsym_pinRead_desc                      0x08017c4b   Data          30  pin.o(.rodata.name)
    __fsym_hello_name                        0x08017c69   Data           6  cmd.o(.rodata.name)
    __fsym_hello_desc                        0x08017c6f   Data          16  cmd.o(.rodata.name)
    __fsym_version_name                      0x08017c7f   Data           8  cmd.o(.rodata.name)
    __fsym_version_desc                      0x08017c87   Data          35  cmd.o(.rodata.name)
    __fsym___cmd_version_name                0x08017caa   Data          14  cmd.o(.rodata.name)
    __fsym___cmd_version_desc                0x08017cb8   Data          35  cmd.o(.rodata.name)
    __fsym_list_thread_name                  0x08017cdb   Data          12  cmd.o(.rodata.name)
    __fsym_list_thread_desc                  0x08017ce7   Data          12  cmd.o(.rodata.name)
    __fsym___cmd_list_thread_name            0x08017cf3   Data          18  cmd.o(.rodata.name)
    __fsym___cmd_list_thread_desc            0x08017d05   Data          12  cmd.o(.rodata.name)
    __fsym_list_sem_name                     0x08017d11   Data           9  cmd.o(.rodata.name)
    __fsym_list_sem_desc                     0x08017d1a   Data          25  cmd.o(.rodata.name)
    __fsym___cmd_list_sem_name               0x08017d33   Data          15  cmd.o(.rodata.name)
    __fsym___cmd_list_sem_desc               0x08017d42   Data          25  cmd.o(.rodata.name)
    __fsym_list_event_name                   0x08017d5b   Data          11  cmd.o(.rodata.name)
    __fsym_list_event_desc                   0x08017d66   Data          21  cmd.o(.rodata.name)
    __fsym___cmd_list_event_name             0x08017d7b   Data          17  cmd.o(.rodata.name)
    __fsym___cmd_list_event_desc             0x08017d8c   Data          21  cmd.o(.rodata.name)
    __fsym_list_mutex_name                   0x08017da1   Data          11  cmd.o(.rodata.name)
    __fsym_list_mutex_desc                   0x08017dac   Data          21  cmd.o(.rodata.name)
    __fsym___cmd_list_mutex_name             0x08017dc1   Data          17  cmd.o(.rodata.name)
    __fsym___cmd_list_mutex_desc             0x08017dd2   Data          21  cmd.o(.rodata.name)
    __fsym_list_mailbox_name                 0x08017de7   Data          13  cmd.o(.rodata.name)
    __fsym_list_mailbox_desc                 0x08017df4   Data          24  cmd.o(.rodata.name)
    __fsym___cmd_list_mailbox_name           0x08017e0c   Data          19  cmd.o(.rodata.name)
    __fsym___cmd_list_mailbox_desc           0x08017e1f   Data          24  cmd.o(.rodata.name)
    __fsym_list_msgqueue_name                0x08017e37   Data          14  cmd.o(.rodata.name)
    __fsym_list_msgqueue_desc                0x08017e45   Data          29  cmd.o(.rodata.name)
    __fsym___cmd_list_msgqueue_name          0x08017e62   Data          20  cmd.o(.rodata.name)
    __fsym___cmd_list_msgqueue_desc          0x08017e76   Data          29  cmd.o(.rodata.name)
    __fsym_list_memheap_name                 0x08017e93   Data          13  cmd.o(.rodata.name)
    __fsym_list_memheap_desc                 0x08017ea0   Data          27  cmd.o(.rodata.name)
    __fsym___cmd_list_memheap_name           0x08017ebb   Data          19  cmd.o(.rodata.name)
    __fsym___cmd_list_memheap_desc           0x08017ece   Data          27  cmd.o(.rodata.name)
    __fsym_list_mempool_name                 0x08017ee9   Data          13  cmd.o(.rodata.name)
    __fsym_list_mempool_desc                 0x08017ef6   Data          27  cmd.o(.rodata.name)
    __fsym___cmd_list_mempool_name           0x08017f11   Data          19  cmd.o(.rodata.name)
    __fsym___cmd_list_mempool_desc           0x08017f24   Data          27  cmd.o(.rodata.name)
    __fsym_list_timer_name                   0x08017f3f   Data          11  cmd.o(.rodata.name)
    __fsym_list_timer_desc                   0x08017f4a   Data          21  cmd.o(.rodata.name)
    __fsym___cmd_list_timer_name             0x08017f5f   Data          17  cmd.o(.rodata.name)
    __fsym___cmd_list_timer_desc             0x08017f70   Data          21  cmd.o(.rodata.name)
    __fsym_list_device_name                  0x08017f85   Data          12  cmd.o(.rodata.name)
    __fsym_list_device_desc                  0x08017f91   Data          22  cmd.o(.rodata.name)
    __fsym___cmd_list_device_name            0x08017fa7   Data          18  cmd.o(.rodata.name)
    __fsym___cmd_list_device_desc            0x08017fb9   Data          22  cmd.o(.rodata.name)
    __fsym_list_name                         0x08017fcf   Data           5  cmd.o(.rodata.name)
    __fsym_list_desc                         0x08017fd4   Data          26  cmd.o(.rodata.name)
    __fsym___cmd_help_name                   0x08017fee   Data          11  msh.o(.rodata.name)
    __fsym___cmd_help_desc                   0x08017ff9   Data          22  msh.o(.rodata.name)
    __fsym___cmd_ls_name                     0x0801800f   Data           9  msh_cmd.o(.rodata.name)
    __fsym___cmd_ls_desc                     0x08018018   Data          34  msh_cmd.o(.rodata.name)
    __fsym___cmd_cp_name                     0x0801803a   Data           9  msh_cmd.o(.rodata.name)
    __fsym___cmd_cp_desc                     0x08018043   Data          21  msh_cmd.o(.rodata.name)
    __fsym___cmd_mv_name                     0x08018058   Data           9  msh_cmd.o(.rodata.name)
    __fsym___cmd_mv_desc                     0x08018061   Data          23  msh_cmd.o(.rodata.name)
    __fsym___cmd_cat_name                    0x08018078   Data          10  msh_cmd.o(.rodata.name)
    __fsym___cmd_cat_desc                    0x08018082   Data          20  msh_cmd.o(.rodata.name)
    __fsym___cmd_rm_name                     0x08018096   Data           9  msh_cmd.o(.rodata.name)
    __fsym___cmd_rm_desc                     0x0801809f   Data          28  msh_cmd.o(.rodata.name)
    __fsym___cmd_cd_name                     0x080180bb   Data           9  msh_cmd.o(.rodata.name)
    __fsym___cmd_cd_desc                     0x080180c4   Data          36  msh_cmd.o(.rodata.name)
    __fsym___cmd_pwd_name                    0x080180e8   Data          10  msh_cmd.o(.rodata.name)
    __fsym___cmd_pwd_desc                    0x080180f2   Data          49  msh_cmd.o(.rodata.name)
    __fsym___cmd_mkdir_name                  0x08018123   Data          12  msh_cmd.o(.rodata.name)
    __fsym___cmd_mkdir_desc                  0x0801812f   Data          22  msh_cmd.o(.rodata.name)
    __fsym___cmd_mkfs_name                   0x08018145   Data          11  msh_cmd.o(.rodata.name)
    __fsym___cmd_mkfs_desc                   0x08018150   Data          29  msh_cmd.o(.rodata.name)
    __fsym___cmd_df_name                     0x0801816d   Data           9  msh_cmd.o(.rodata.name)
    __fsym___cmd_df_desc                     0x08018176   Data          10  msh_cmd.o(.rodata.name)
    __fsym___cmd_echo_name                   0x08018180   Data          11  msh_cmd.o(.rodata.name)
    __fsym___cmd_echo_desc                   0x0801818b   Data          20  msh_cmd.o(.rodata.name)
    __fsym___cmd_ps_name                     0x0801819f   Data           9  msh_cmd.o(.rodata.name)
    __fsym___cmd_ps_desc                     0x080181a8   Data          28  msh_cmd.o(.rodata.name)
    __fsym___cmd_time_name                   0x080181c4   Data          11  msh_cmd.o(.rodata.name)
    __fsym___cmd_time_desc                   0x080181cf   Data          27  msh_cmd.o(.rodata.name)
    __fsym___cmd_free_name                   0x080181ea   Data          11  msh_cmd.o(.rodata.name)
    __fsym___cmd_free_desc                   0x080181f5   Data          37  msh_cmd.o(.rodata.name)
    __rt_init_rti_start                      0x0801821c   Data           4  components.o(.rti_fn.0)
    __rt_init_rti_board_start                0x08018220   Data           4  components.o(.rti_fn.0.end)
    __rt_init_rt_hw_pin_init                 0x08018224   Data           4  drv_gpio.o(.rti_fn.1)
    __rt_init_hw_usart_init                  0x08018228   Data           4  drv_usart.o(.rti_fn.1)
    __rt_init_rti_board_end                  0x0801822c   Data           4  components.o(.rti_fn.1.end)
    __rt_init_dfs_init                       0x08018230   Data           4  dfs.o(.rti_fn.2)
    __rt_init_stm_usbd_register              0x08018234   Data           4  drv_usbd.o(.rti_fn.3)
    __rt_init_dfs_ramfs_init                 0x08018238   Data           4  dfs_ramfs.o(.rti_fn.4)
    __rt_init_libc_system_init               0x0801823c   Data           4  libc.o(.rti_fn.4)
    __rt_init_application_usb_init           0x08018240   Data           4  usb_winusb.o(.rti_fn.6)
    __rt_init_finsh_system_init              0x08018244   Data           4  shell.o(.rti_fn.6)
    __rt_init_rti_end                        0x08018248   Data           4  components.o(.rti_fn.6.end)
    FSymTab$$Base                            0x0801824c   Number         0  mem.o(FSymTab)
    __fsym_list_mem                          0x0801824c   Data          12  mem.o(FSymTab)
    __fsym___cmd_list_fd                     0x08018258   Data          12  dfs.o(FSymTab)
    __fsym_ls                                0x08018264   Data          12  dfs_file.o(FSymTab)
    __fsym_rm                                0x08018270   Data          12  dfs_file.o(FSymTab)
    __fsym_cat                               0x0801827c   Data          12  dfs_file.o(FSymTab)
    __fsym_copy                              0x08018288   Data          12  dfs_file.o(FSymTab)
    __fsym_mkfs                              0x08018294   Data          12  dfs_fs.o(FSymTab)
    __fsym_df                                0x080182a0   Data          12  dfs_fs.o(FSymTab)
    __fsym_mkdir                             0x080182ac   Data          12  dfs_posix.o(FSymTab)
    __fsym_cd                                0x080182b8   Data          12  dfs_posix.o(FSymTab)
    __fsym_pinMode                           0x080182c4   Data          12  pin.o(FSymTab)
    __fsym_pinWrite                          0x080182d0   Data          12  pin.o(FSymTab)
    __fsym_pinRead                           0x080182dc   Data          12  pin.o(FSymTab)
    __fsym_hello                             0x080182e8   Data          12  cmd.o(FSymTab)
    __fsym_version                           0x080182f4   Data          12  cmd.o(FSymTab)
    __fsym___cmd_version                     0x08018300   Data          12  cmd.o(FSymTab)
    __fsym_list_thread                       0x0801830c   Data          12  cmd.o(FSymTab)
    __fsym___cmd_list_thread                 0x08018318   Data          12  cmd.o(FSymTab)
    __fsym_list_sem                          0x08018324   Data          12  cmd.o(FSymTab)
    __fsym___cmd_list_sem                    0x08018330   Data          12  cmd.o(FSymTab)
    __fsym_list_event                        0x0801833c   Data          12  cmd.o(FSymTab)
    __fsym___cmd_list_event                  0x08018348   Data          12  cmd.o(FSymTab)
    __fsym_list_mutex                        0x08018354   Data          12  cmd.o(FSymTab)
    __fsym___cmd_list_mutex                  0x08018360   Data          12  cmd.o(FSymTab)
    __fsym_list_mailbox                      0x0801836c   Data          12  cmd.o(FSymTab)
    __fsym___cmd_list_mailbox                0x08018378   Data          12  cmd.o(FSymTab)
    __fsym_list_msgqueue                     0x08018384   Data          12  cmd.o(FSymTab)
    __fsym___cmd_list_msgqueue               0x08018390   Data          12  cmd.o(FSymTab)
    __fsym_list_memheap                      0x0801839c   Data          12  cmd.o(FSymTab)
    __fsym___cmd_list_memheap                0x080183a8   Data          12  cmd.o(FSymTab)
    __fsym_list_mempool                      0x080183b4   Data          12  cmd.o(FSymTab)
    __fsym___cmd_list_mempool                0x080183c0   Data          12  cmd.o(FSymTab)
    __fsym_list_timer                        0x080183cc   Data          12  cmd.o(FSymTab)
    __fsym___cmd_list_timer                  0x080183d8   Data          12  cmd.o(FSymTab)
    __fsym_list_device                       0x080183e4   Data          12  cmd.o(FSymTab)
    __fsym___cmd_list_device                 0x080183f0   Data          12  cmd.o(FSymTab)
    __fsym_list                              0x080183fc   Data          12  cmd.o(FSymTab)
    __fsym___cmd_help                        0x08018408   Data          12  msh.o(FSymTab)
    __fsym___cmd_ls                          0x08018414   Data          12  msh_cmd.o(FSymTab)
    __fsym___cmd_cp                          0x08018420   Data          12  msh_cmd.o(FSymTab)
    __fsym___cmd_mv                          0x0801842c   Data          12  msh_cmd.o(FSymTab)
    __fsym___cmd_cat                         0x08018438   Data          12  msh_cmd.o(FSymTab)
    __fsym___cmd_rm                          0x08018444   Data          12  msh_cmd.o(FSymTab)
    __fsym___cmd_cd                          0x08018450   Data          12  msh_cmd.o(FSymTab)
    __fsym___cmd_pwd                         0x0801845c   Data          12  msh_cmd.o(FSymTab)
    __fsym___cmd_mkdir                       0x08018468   Data          12  msh_cmd.o(FSymTab)
    __fsym___cmd_mkfs                        0x08018474   Data          12  msh_cmd.o(FSymTab)
    __fsym___cmd_df                          0x08018480   Data          12  msh_cmd.o(FSymTab)
    __fsym___cmd_echo                        0x0801848c   Data          12  msh_cmd.o(FSymTab)
    __fsym___cmd_ps                          0x08018498   Data          12  msh_cmd.o(FSymTab)
    __fsym___cmd_time                        0x080184a4   Data          12  msh_cmd.o(FSymTab)
    __fsym___cmd_free                        0x080184b0   Data          12  msh_cmd.o(FSymTab)
    FSymTab$$Limit                           0x080184bc   Number         0  msh_cmd.o(FSymTab)
    Region$$Table$$Base                      0x080184bc   Number         0  anon$$obj.o(Region$$Table)
    Region$$Table$$Limit                     0x080184dc   Number         0  anon$$obj.o(Region$$Table)
    pin_irq_hdr_tab                          0x20000000   Data         192  drv_gpio.o(.data)
    SystemCoreClock                          0x20000100   Data           4  system_stm32f4xx.o(.data)
    uwTick                                   0x20000104   Data           4  stm32f4xx_hal.o(.data)
    rt_interrupt_nest                        0x2000011c   Data           1  irq.o(.data)
    rt_assert_hook                           0x20000128   Data           4  kservice.o(.data)
    rt_object_trytake_hook                   0x200001f4   Data           4  object.o(.data)
    rt_object_take_hook                      0x200001f8   Data           4  object.o(.data)
    rt_object_put_hook                       0x200001fc   Data           4  object.o(.data)
    rt_current_thread                        0x20000204   Data           4  scheduler.o(.data)
    rt_current_priority                      0x20000208   Data           1  scheduler.o(.data)
    rt_thread_ready_priority_group           0x2000020c   Data           4  scheduler.o(.data)
    rt_thread_defunct                        0x20000210   Data           8  scheduler.o(.data)
    rt_interrupt_from_thread                 0x20000238   Data           4  cpuport.o(.data)
    rt_interrupt_to_thread                   0x2000023c   Data           4  cpuport.o(.data)
    rt_thread_switch_interrupt_flag          0x20000240   Data           4  cpuport.o(.data)
    filesystem_operation_table               0x20000248   Data           8  dfs.o(.data)
    working_directory                        0x20000250   Data         256  dfs.o(.data)
    usb_comp_id_desc                         0x20000360   Data          24  usbdevice.o(.data)
    _winusb_desc                             0x20000394   Data          23  winusb.o(.data)
    winusb_proerty                           0x200003c8   Data          22  winusb.o(.data)
    winusb_func_comp_id_desc                 0x200003de   Data          32  winusb.o(.data)
    shell                                    0x20000414   Data           4  shell.o(.data)
    _syscall_table_begin                     0x20000418   Data           4  symbol.o(.data)
    _syscall_table_end                       0x2000041c   Data           4  symbol.o(.data)
    _sysvar_table_begin                      0x20000420   Data           4  symbol.o(.data)
    _sysvar_table_end                        0x20000424   Data           4  symbol.o(.data)
    __aeabi_stdin                            0x2000042c   Data           4  stdio_streams.o(.data)
    __aeabi_stdout                           0x20000430   Data           4  stdio_streams.o(.data)
    __aeabi_stderr                           0x20000434   Data           4  stdio_streams.o(.data)
    serial3                                  0x20009778   Data          96  drv_usart.o(.bss)
    rt_thread_priority_table                 0x20009e90   Data         256  scheduler.o(.bss)
    filesystem_table                         0x20009f90   Data          32  dfs.o(.bss)
    fd_table                                 0x20009fd4   Data         128  dfs.o(.bss)
    __stdin                                  0x2000b7c0   Data          84  stdio_streams.o(.bss)
    __stdout                                 0x2000b814   Data          84  stdio_streams.o(.bss)
    __stderr                                 0x2000b868   Data          84  stdio_streams.o(.bss)
    __libspace_start                         0x2000b8bc   Data          96  libspace.o(.bss)
    __temporary_stack_top$libspace           0x2000b91c   Data           0  libspace.o(.bss)
    Image$$RW_IRAM1$$ZI$$Limit               0x2000bf20   Number         0  anon$$obj.o ABSOLUTE



==============================================================================

Memory Map of the image

  Image Entry point : 0x080001c5

  Load Region LR_IROM1 (Base: 0x08000000, Size: 0x00018914, Max: 0x00100000, ABSOLUTE, COMPRESSED[0x000185d0])

    Execution Region ER_IROM1 (Exec base: 0x08000000, Load base: 0x08000000, Size: 0x000184dc, Max: 0x00100000, ABSOLUTE)

    Exec Addr    Load Addr    Size         Type   Attr      Idx    E Section Name        Object

    0x08000000   0x08000000   0x000001c4   Data   RO          507    RESET               startup_stm32f412zx.o
    0x080001c4   0x080001c4   0x00000008   Code   RO         3167  * !!!main             c_w.l(__main.o)
    0x080001cc   0x080001cc   0x00000034   Code   RO         3410    !!!scatter          c_w.l(__scatter.o)
    0x08000200   0x08000200   0x0000005a   Code   RO         3408    !!dczerorl2         c_w.l(__dczerorl2.o)
    0x0800025a   0x0800025a   0x00000002   PAD
    0x0800025c   0x0800025c   0x0000001c   Code   RO         3412    !!handler_zi        c_w.l(__scatter_zi.o)
    0x08000278   0x08000278   0x00000000   Code   RO         3118    .ARM.Collect$$_printf_percent$$00000000  c_w.l(_printf_percent.o)
    0x08000278   0x08000278   0x00000006   Code   RO         3117    .ARM.Collect$$_printf_percent$$00000014  c_w.l(_printf_s.o)
    0x0800027e   0x0800027e   0x00000004   Code   RO         3184    .ARM.Collect$$_printf_percent$$00000017  c_w.l(_printf_percent_end.o)
    0x08000282   0x08000282   0x00000002   Code   RO         3348    .ARM.Collect$$libinit$$00000000  c_w.l(libinit.o)
    0x08000284   0x08000284   0x00000004   Code   RO         3239    .ARM.Collect$$libinit$$00000001  c_w.l(libinit2.o)
    0x08000288   0x08000288   0x00000000   Code   RO         3242    .ARM.Collect$$libinit$$00000004  c_w.l(libinit2.o)
    0x08000288   0x08000288   0x00000000   Code   RO         3245    .ARM.Collect$$libinit$$0000000A  c_w.l(libinit2.o)
    0x08000288   0x08000288   0x00000000   Code   RO         3247    .ARM.Collect$$libinit$$0000000C  c_w.l(libinit2.o)
    0x08000288   0x08000288   0x00000000   Code   RO         3249    .ARM.Collect$$libinit$$0000000E  c_w.l(libinit2.o)
    0x08000288   0x08000288   0x00000000   Code   RO         3252    .ARM.Collect$$libinit$$00000011  c_w.l(libinit2.o)
    0x08000288   0x08000288   0x00000000   Code   RO         3254    .ARM.Collect$$libinit$$00000013  c_w.l(libinit2.o)
    0x08000288   0x08000288   0x00000000   Code   RO         3256    .ARM.Collect$$libinit$$00000015  c_w.l(libinit2.o)
    0x08000288   0x08000288   0x00000000   Code   RO         3258    .ARM.Collect$$libinit$$00000017  c_w.l(libinit2.o)
    0x08000288   0x08000288   0x00000000   Code   RO         3260    .ARM.Collect$$libinit$$00000019  c_w.l(libinit2.o)
    0x08000288   0x08000288   0x00000000   Code   RO         3262    .ARM.Collect$$libinit$$0000001B  c_w.l(libinit2.o)
    0x08000288   0x08000288   0x00000000   Code   RO         3264    .ARM.Collect$$libinit$$0000001D  c_w.l(libinit2.o)
    0x08000288   0x08000288   0x00000000   Code   RO         3266    .ARM.Collect$$libinit$$0000001F  c_w.l(libinit2.o)
    0x08000288   0x08000288   0x00000000   Code   RO         3268    .ARM.Collect$$libinit$$00000021  c_w.l(libinit2.o)
    0x08000288   0x08000288   0x00000000   Code   RO         3270    .ARM.Collect$$libinit$$00000023  c_w.l(libinit2.o)
    0x08000288   0x08000288   0x00000004   Code   RO         3271    .ARM.Collect$$libinit$$00000024  c_w.l(libinit2.o)
    0x0800028c   0x0800028c   0x00000000   Code   RO         3272    .ARM.Collect$$libinit$$00000025  c_w.l(libinit2.o)
    0x0800028c   0x0800028c   0x00000000   Code   RO         3276    .ARM.Collect$$libinit$$0000002C  c_w.l(libinit2.o)
    0x0800028c   0x0800028c   0x00000000   Code   RO         3278    .ARM.Collect$$libinit$$0000002E  c_w.l(libinit2.o)
    0x0800028c   0x0800028c   0x00000000   Code   RO         3280    .ARM.Collect$$libinit$$00000030  c_w.l(libinit2.o)
    0x0800028c   0x0800028c   0x00000000   Code   RO         3282    .ARM.Collect$$libinit$$00000032  c_w.l(libinit2.o)
    0x0800028c   0x0800028c   0x00000002   Code   RO         3283    .ARM.Collect$$libinit$$00000033  c_w.l(libinit2.o)
    0x0800028e   0x0800028e   0x00000002   Code   RO         3405    .ARM.Collect$$libshutdown$$00000000  c_w.l(libshutdown.o)
    0x08000290   0x08000290   0x00000000   Code   RO         3285    .ARM.Collect$$libshutdown$$00000002  c_w.l(libshutdown2.o)
    0x08000290   0x08000290   0x00000004   Code   RO         3286    .ARM.Collect$$libshutdown$$00000003  c_w.l(libshutdown2.o)
    0x08000294   0x08000294   0x00000000   Code   RO         3287    .ARM.Collect$$libshutdown$$00000004  c_w.l(libshutdown2.o)
    0x08000294   0x08000294   0x00000000   Code   RO         3290    .ARM.Collect$$libshutdown$$00000007  c_w.l(libshutdown2.o)
    0x08000294   0x08000294   0x00000000   Code   RO         3293    .ARM.Collect$$libshutdown$$0000000A  c_w.l(libshutdown2.o)
    0x08000294   0x08000294   0x00000000   Code   RO         3295    .ARM.Collect$$libshutdown$$0000000C  c_w.l(libshutdown2.o)
    0x08000294   0x08000294   0x00000000   Code   RO         3298    .ARM.Collect$$libshutdown$$0000000F  c_w.l(libshutdown2.o)
    0x08000294   0x08000294   0x00000002   Code   RO         3299    .ARM.Collect$$libshutdown$$00000010  c_w.l(libshutdown2.o)
    0x08000296   0x08000296   0x00000000   Code   RO         3171    .ARM.Collect$$rtentry$$00000000  c_w.l(__rtentry.o)
    0x08000296   0x08000296   0x00000000   Code   RO         3207    .ARM.Collect$$rtentry$$00000002  c_w.l(__rtentry2.o)
    0x08000296   0x08000296   0x00000006   Code   RO         3219    .ARM.Collect$$rtentry$$00000004  c_w.l(__rtentry4.o)
    0x0800029c   0x0800029c   0x00000000   Code   RO         3209    .ARM.Collect$$rtentry$$00000009  c_w.l(__rtentry2.o)
    0x0800029c   0x0800029c   0x00000004   Code   RO         3210    .ARM.Collect$$rtentry$$0000000A  c_w.l(__rtentry2.o)
    0x080002a0   0x080002a0   0x00000000   Code   RO         3212    .ARM.Collect$$rtentry$$0000000C  c_w.l(__rtentry2.o)
    0x080002a0   0x080002a0   0x00000008   Code   RO         3213    .ARM.Collect$$rtentry$$0000000D  c_w.l(__rtentry2.o)
    0x080002a8   0x080002a8   0x00000002   Code   RO         3354    .ARM.Collect$$rtexit$$00000000  c_w.l(rtexit.o)
    0x080002aa   0x080002aa   0x00000000   Code   RO         3375    .ARM.Collect$$rtexit$$00000002  c_w.l(rtexit2.o)
    0x080002aa   0x080002aa   0x00000004   Code   RO         3376    .ARM.Collect$$rtexit$$00000003  c_w.l(rtexit2.o)
    0x080002ae   0x080002ae   0x00000006   Code   RO         3377    .ARM.Collect$$rtexit$$00000004  c_w.l(rtexit2.o)
    0x080002b4   0x080002b4   0x0000002c   Code   RO            4    .text               main.o
    0x080002e0   0x080002e0   0x00000248   Code   RO          251    .text               usb_winusb.o
    0x08000528   0x08000528   0x00000274   Code   RO          279    .text               board.o
    0x0800079c   0x0800079c   0x00000010   Code   RO          319    .text               stm32f4xx_it.o
    0x080007ac   0x080007ac   0x00000590   Code   RO          343    .text               drv_gpio.o
    0x08000d3c   0x08000d3c   0x000004ac   Code   RO          408    .text               drv_usart.o
    0x080011e8   0x080011e8   0x00000390   Code   RO          444    .text               drv_usbd.o
    0x08001578   0x08001578   0x00000120   Code   RO          477    .text               system_stm32f4xx.o
    0x08001698   0x08001698   0x00000040   Code   RO          508    .text               startup_stm32f412zx.o
    0x080016d8   0x080016d8   0x000001a4   Code   RO          515    .text               stm32f4xx_hal.o
    0x0800187c   0x0800187c   0x00000384   Code   RO          614    .text               stm32f4xx_hal_cortex.o
    0x08001c00   0x08001c00   0x000008ac   Code   RO          786    .text               stm32f4xx_hal_dma.o
    0x080024ac   0x080024ac   0x00000390   Code   RO         1001    .text               stm32f4xx_hal_gpio.o
    0x0800283c   0x0800283c   0x00000d6c   Code   RO         1319    .text               stm32f4xx_hal_pcd.o
    0x080035a8   0x080035a8   0x00000194   Code   RO         1343    .text               stm32f4xx_hal_pcd_ex.o
    0x0800373c   0x0800373c   0x0000089c   Code   RO         1433    .text               stm32f4xx_hal_rcc.o
    0x08003fd8   0x08003fd8   0x00000c54   Code   RO         1457    .text               stm32f4xx_hal_rcc_ex.o
    0x08004c2c   0x08004c2c   0x000013ae   Code   RO         1727    .text               stm32f4xx_hal_uart.o
    0x08005fda   0x08005fda   0x00000002   PAD
    0x08005fdc   0x08005fdc   0x000015d6   Code   RO         1895    .text               stm32f4xx_ll_usb.o
    0x080075b2   0x080075b2   0x00000002   PAD
    0x080075b4   0x080075b4   0x0000006c   Code   RO         1953    .text               clock.o
    0x08007620   0x08007620   0x000000d8   Code   RO         1967    .text               components.o
    0x080076f8   0x080076f8   0x000003a8   Code   RO         1986    .text               device.o
    0x08007aa0   0x08007aa0   0x00000138   Code   RO         2002    .text               idle.o
    0x08007bd8   0x08007bd8   0x00001658   Code   RO         2022    .text               ipc.o
    0x08009230   0x08009230   0x0000007c   Code   RO         2039    .text               irq.o
    0x080092ac   0x080092ac   0x00000ab0   Code   RO         2054    .text               kservice.o
    0x08009d5c   0x08009d5c   0x000008f0   Code   RO         2074    .text               mem.o
    0x0800a64c   0x0800a64c   0x00000630   Code   RO         2101    .text               memheap.o
    0x0800ac7c   0x0800ac7c   0x00000344   Code   RO         2132    .text               object.o
    0x0800afc0   0x0800afc0   0x000002fc   Code   RO         2151    .text               scheduler.o
    0x0800b2bc   0x0800b2bc   0x00000680   Code   RO         2187    .text               thread.o
    0x0800b93c   0x0800b93c   0x0000045c   Code   RO         2206    .text               timer.o
    0x0800bd98   0x0800bd98   0x00000190   Code   RO         2225    .text               cpuport.o
    0x0800bf28   0x0800bf28   0x00000110   Code   RO         2241    .text               context_rvds.o
    0x0800c038   0x0800c038   0x00000470   Code   RO         2279    .text               dfs.o
    0x0800c4a8   0x0800c4a8   0x000009c8   Code   RO         2377    .text               dfs_file.o
    0x0800ce70   0x0800ce70   0x00000690   Code   RO         2398    .text               dfs_fs.o
    0x0800d500   0x0800d500   0x00000688   Code   RO         2416    .text               dfs_posix.o
    0x0800db88   0x0800db88   0x000003a8   Code   RO         2478    .text               devfs.o
    0x0800df30   0x0800df30   0x0000051c   Code   RO         2496    .text               dfs_ramfs.o
    0x0800e44c   0x0800e44c   0x00000250   Code   RO         2516    .text               pin.o
    0x0800e69c   0x0800e69c   0x00000e9c   Code   RO         2534    .text               serial.o
    0x0800f538   0x0800f538   0x000001c8   Code   RO         2606    .text               completion.o
    0x0800f700   0x0800f700   0x00000424   Code   RO         2622    .text               dataqueue.o
    0x0800fb24   0x0800fb24   0x00000180   Code   RO         2727    .text               waitqueue.o
    0x0800fca4   0x0800fca4   0x00002440   Code   RO         2757    .text               core.o
    0x080120e4   0x080120e4   0x000000a4   Code   RO         2779    .text               usbdevice.o
    0x08012188   0x08012188   0x000004e8   Code   RO         2794    .text               winusb.o
    0x08012670   0x08012670   0x000007a0   Code   RO         2817    .text               shell.o
    0x08012e10   0x08012e10   0x00000c04   Code   RO         2855    .text               cmd.o
    0x08013a14   0x08013a14   0x00000548   Code   RO         2876    .text               msh.o
    0x08013f5c   0x08013f5c   0x000004e8   Code   RO         2893    .text               msh_cmd.o
    0x08014444   0x08014444   0x000001a0   Code   RO         2910    .text               msh_file.o
    0x080145e4   0x080145e4   0x00000016   Code   RO         2922    .text               libc.o
    0x080145fa   0x080145fa   0x00000038   Code   RO         2952    .text               mem_std.o
    0x08014632   0x08014632   0x00000002   PAD
    0x08014634   0x08014634   0x00000080   Code   RO         2964    .text               stdio.o
    0x080146b4   0x080146b4   0x000001b0   Code   RO         2978    .text               stubs.o
    0x08014864   0x08014864   0x00000002   Code   RO         3081    .text               c_w.l(use_no_semi.o)
    0x08014866   0x08014866   0x00000004   Code   RO         3083    .text               c_w.l(hguard.o)
    0x0801486a   0x0801486a   0x000000ee   Code   RO         3085    .text               c_w.l(lludivv7m.o)
    0x08014958   0x08014958   0x00000048   Code   RO         3087    .text               c_w.l(llsdiv.o)
    0x080149a0   0x080149a0   0x00000034   Code   RO         3091    .text               c_w.l(noretval__2snprintf.o)
    0x080149d4   0x080149d4   0x00000068   Code   RO         3093    .text               c_w.l(__printf.o)
    0x08014a3c   0x08014a3c   0x00000052   Code   RO         3095    .text               c_w.l(_printf_str.o)
    0x08014a8e   0x08014a8e   0x00000004   Code   RO         3123    .text               c_w.l(getc.o)
    0x08014a92   0x08014a92   0x00000002   PAD
    0x08014a94   0x08014a94   0x000000ec   Code   RO         3125    .text               c_w.l(fopen.o)
    0x08014b80   0x08014b80   0x0000004c   Code   RO         3133    .text               c_w.l(fclose.o)
    0x08014bcc   0x08014bcc   0x00000024   Code   RO         3139    .text               c_w.l(strstr.o)
    0x08014bf0   0x08014bf0   0x00000058   Code   RO         3141    .text               c_w.l(memcmp.o)
    0x08014c48   0x08014c48   0x00000048   Code   RO         3143    .text               c_w.l(strcpy.o)
    0x08014c90   0x08014c90   0x00000016   Code   RO         3145    .text               c_w.l(strrchr.o)
    0x08014ca6   0x08014ca6   0x0000003e   Code   RO         3147    .text               c_w.l(strlen.o)
    0x08014ce4   0x08014ce4   0x00000096   Code   RO         3149    .text               c_w.l(strncmp.o)
    0x08014d7a   0x08014d7a   0x00000018   Code   RO         3151    .text               c_w.l(strcat.o)
    0x08014d92   0x08014d92   0x0000008a   Code   RO         3153    .text               c_w.l(rt_memcpy_v6.o)
    0x08014e1c   0x08014e1c   0x00000064   Code   RO         3155    .text               c_w.l(rt_memcpy_w.o)
    0x08014e80   0x08014e80   0x00000044   Code   RO         3157    .text               c_w.l(rt_memclr.o)
    0x08014ec4   0x08014ec4   0x0000004e   Code   RO         3159    .text               c_w.l(rt_memclr_w.o)
    0x08014f12   0x08014f12   0x00000056   Code   RO         3161    .text               c_w.l(strncpy.o)
    0x08014f68   0x08014f68   0x00000080   Code   RO         3163    .text               c_w.l(strcmpv7m.o)
    0x08014fe8   0x08014fe8   0x00000006   Code   RO         3165    .text               c_w.l(heapauxi.o)
    0x08014fee   0x08014fee   0x00000002   PAD
    0x08014ff0   0x08014ff0   0x00000030   Code   RO         3176    .text               c_w.l(_printf_char_common.o)
    0x08015020   0x08015020   0x0000000a   Code   RO         3178    .text               c_w.l(_sputc.o)
    0x0801502a   0x0801502a   0x00000010   Code   RO         3180    .text               c_w.l(_snputc.o)
    0x0801503a   0x0801503a   0x0000002c   Code   RO         3182    .text               c_w.l(_printf_char.o)
    0x08015066   0x08015066   0x00000002   PAD
    0x08015068   0x08015068   0x000000f8   Code   RO         3193    .text               c_w.l(fseek.o)
    0x08015160   0x08015160   0x000000f0   Code   RO         3195    .text               c_w.l(stdio.o)
    0x08015250   0x08015250   0x00000138   Code   RO         3198    .text               c_w.l(initio.o)
    0x08015388   0x08015388   0x0000023a   Code   RO         3225    .text               c_w.l(filbuf.o)
    0x080155c2   0x080155c2   0x000001d6   Code   RO         3227    .text               c_w.l(flsbuf.o)
    0x08015798   0x08015798   0x00000042   Code   RO         3229    .text               c_w.l(ftell.o)
    0x080157da   0x080157da   0x00000046   Code   RO         3231    .text               c_w.l(setvbuf.o)
    0x08015820   0x08015820   0x0000000e   Code   RO         3235    .text               c_w.l(defsig_rtred_outer.o)
    0x0801582e   0x0801582e   0x0000004a   Code   RO         3304    .text               c_w.l(sys_stackheap_outer.o)
    0x08015878   0x08015878   0x00000008   Code   RO         3311    .text               c_w.l(rt_errno_addr_intlibspace.o)
    0x08015880   0x08015880   0x00000118   Code   RO         3313    .text               c_w.l(freadfast.o)
    0x08015998   0x08015998   0x000000bc   Code   RO         3317    .text               c_w.l(fwritefast.o)
    0x08015a54   0x08015a54   0x00000038   Code   RO         3319    .text               c_w.l(flushlinebuffered.o)
    0x08015a8c   0x08015a8c   0x00000012   Code   RO         3329    .text               c_w.l(exit.o)
    0x08015a9e   0x08015a9e   0x0000000a   Code   RO         3331    .text               c_w.l(defsig_exit.o)
    0x08015aa8   0x08015aa8   0x00000034   Code   RO         3337    .text               c_w.l(defsig_rtred_inner.o)
    0x08015adc   0x08015adc   0x00000008   Code   RO         3351    .text               c_w.l(libspace.o)
    0x08015ae4   0x08015ae4   0x00000064   Code   RO         3356    .text               c_w.l(fflush.o)
    0x08015b48   0x08015b48   0x00000032   Code   RO         3366    .text               c_w.l(defsig_general.o)
    0x08015b7a   0x08015b7a   0x00000018   Code   RO         3186    i.fgetc             c_w.l(fgetc.o)
    0x08015b92   0x08015b92   0x0000000a   Code   RO         3349    x$fpl$fpinit        fz_wm.l(fpinit.o)
    0x08015b9c   0x08015b9c   0x00000026   Data   RO          253    .constdata          usb_winusb.o
    0x08015bc2   0x08015bc2   0x00000002   PAD
    0x08015bc4   0x08015bc4   0x00000968   Data   RO          344    .constdata          drv_gpio.o
    0x0801652c   0x0801652c   0x00000048   Data   RO          410    .constdata          drv_usart.o
    0x08016574   0x08016574   0x00000050   Data   RO          446    .constdata          drv_usbd.o
    0x080165c4   0x080165c4   0x00000018   Data   RO          478    .constdata          system_stm32f4xx.o
    0x080165dc   0x080165dc   0x00000008   Data   RO          787    .constdata          stm32f4xx_hal_dma.o
    0x080165e4   0x080165e4   0x00000014   Data   RO         1968    .constdata          components.o
    0x080165f8   0x080165f8   0x000000b7   Data   RO         1987    .constdata          device.o
    0x080166af   0x080166af   0x00000016   Data   RO         2004    .constdata          idle.o
    0x080166c5   0x080166c5   0x000001d7   Data   RO         2023    .constdata          ipc.o
    0x0801689c   0x0801689c   0x00000122   Data   RO         2056    .constdata          kservice.o
    0x080169be   0x080169be   0x00000046   Data   RO         2076    .constdata          mem.o
    0x08016a04   0x08016a04   0x00000056   Data   RO         2102    .constdata          memheap.o
    0x08016a5a   0x08016a5a   0x0000006d   Data   RO         2133    .constdata          object.o
    0x08016ac7   0x08016ac7   0x0000004e   Data   RO         2153    .constdata          scheduler.o
    0x08016b15   0x08016b15   0x000000b9   Data   RO         2188    .constdata          thread.o
    0x08016bce   0x08016bce   0x0000005c   Data   RO         2207    .constdata          timer.o
    0x08016c2a   0x08016c2a   0x00000013   Data   RO         2226    .constdata          cpuport.o
    0x08016c3d   0x08016c3d   0x00000023   Data   RO         2281    .constdata          dfs.o
    0x08016c60   0x08016c60   0x00000040   Data   RO         2399    .constdata          dfs_fs.o
    0x08016ca0   0x08016ca0   0x000000c5   Data   RO         2479    .constdata          devfs.o
    0x08016d65   0x08016d65   0x00000003   PAD
    0x08016d68   0x08016d68   0x000000c0   Data   RO         2497    .constdata          dfs_ramfs.o
    0x08016e28   0x08016e28   0x0000007e   Data   RO         2518    .constdata          pin.o
    0x08016ea6   0x08016ea6   0x00000002   PAD
    0x08016ea8   0x08016ea8   0x00000170   Data   RO         2535    .constdata          serial.o
    0x08017018   0x08017018   0x00000039   Data   RO         2607    .constdata          completion.o
    0x08017051   0x08017051   0x0000004b   Data   RO         2623    .constdata          dataqueue.o
    0x0801709c   0x0801709c   0x0000000f   Data   RO         2728    .constdata          waitqueue.o
    0x080170ab   0x080170ab   0x00000640   Data   RO         2759    .constdata          core.o
    0x080176eb   0x080176eb   0x00000076   Data   RO         2795    .constdata          winusb.o
    0x08017761   0x08017761   0x0000001e   Data   RO         2819    .constdata          shell.o
    0x0801777f   0x0801777f   0x00000001   PAD
    0x08017780   0x08017780   0x00000050   Data   RO         2856    .constdata          cmd.o
    0x080177d0   0x080177d0   0x0000000e   Data   RO         2877    .constdata          msh.o
    0x080177de   0x080177de   0x0000001b   Data   RO         2979    .constdata          stubs.o
    0x080177f9   0x080177f9   0x00000003   PAD
    0x080177fc   0x080177fc   0x000000ed   Data   RO         2077    .conststring        mem.o
    0x080178e9   0x080178e9   0x00000003   PAD
    0x080178ec   0x080178ec   0x0000000b   Data   RO         2400    .conststring        dfs_fs.o
    0x080178f7   0x080178f7   0x00000001   PAD
    0x080178f8   0x080178f8   0x00000006   Data   RO         2480    .conststring        devfs.o
    0x080178fe   0x080178fe   0x00000002   PAD
    0x08017900   0x08017900   0x00000004   Data   RO         2498    .conststring        dfs_ramfs.o
    0x08017904   0x08017904   0x0000008f   Data   RO         2796    .conststring        winusb.o
    0x08017993   0x08017993   0x00000001   PAD
    0x08017994   0x08017994   0x0000015d   Data   RO         2857    .conststring        cmd.o
    0x08017af1   0x08017af1   0x00000027   Data   RO         2079    .rodata.name        mem.o
    0x08017b18   0x08017b18   0x00000023   Data   RO         2283    .rodata.name        dfs.o
    0x08017b3b   0x08017b3b   0x0000005f   Data   RO         2379    .rodata.name        dfs_file.o
    0x08017b9a   0x08017b9a   0x00000029   Data   RO         2401    .rodata.name        dfs_fs.o
    0x08017bc3   0x08017bc3   0x0000003d   Data   RO         2417    .rodata.name        dfs_posix.o
    0x08017c00   0x08017c00   0x00000069   Data   RO         2519    .rodata.name        pin.o
    0x08017c69   0x08017c69   0x00000385   Data   RO         2858    .rodata.name        cmd.o
    0x08017fee   0x08017fee   0x00000021   Data   RO         2878    .rodata.name        msh.o
    0x0801800f   0x0801800f   0x0000020b   Data   RO         2894    .rodata.name        msh_cmd.o
    0x0801821a   0x0801821a   0x00000002   PAD
    0x0801821c   0x0801821c   0x00000004   Data   RO         1969    .rti_fn.0           components.o
    0x08018220   0x08018220   0x00000004   Data   RO         1970    .rti_fn.0.end       components.o
    0x08018224   0x08018224   0x00000004   Data   RO          346    .rti_fn.1           drv_gpio.o
    0x08018228   0x08018228   0x00000004   Data   RO          411    .rti_fn.1           drv_usart.o
    0x0801822c   0x0801822c   0x00000004   Data   RO         1971    .rti_fn.1.end       components.o
    0x08018230   0x08018230   0x00000004   Data   RO         2284    .rti_fn.2           dfs.o
    0x08018234   0x08018234   0x00000004   Data   RO          448    .rti_fn.3           drv_usbd.o
    0x08018238   0x08018238   0x00000004   Data   RO         2499    .rti_fn.4           dfs_ramfs.o
    0x0801823c   0x0801823c   0x00000004   Data   RO         2923    .rti_fn.4           libc.o
    0x08018240   0x08018240   0x00000004   Data   RO          254    .rti_fn.6           usb_winusb.o
    0x08018244   0x08018244   0x00000004   Data   RO         2821    .rti_fn.6           shell.o
    0x08018248   0x08018248   0x00000004   Data   RO         1972    .rti_fn.6.end       components.o
    0x0801824c   0x0801824c   0x0000000c   Data   RO         2080    FSymTab             mem.o
    0x08018258   0x08018258   0x0000000c   Data   RO         2285    FSymTab             dfs.o
    0x08018264   0x08018264   0x00000030   Data   RO         2380    FSymTab             dfs_file.o
    0x08018294   0x08018294   0x00000018   Data   RO         2402    FSymTab             dfs_fs.o
    0x080182ac   0x080182ac   0x00000018   Data   RO         2418    FSymTab             dfs_posix.o
    0x080182c4   0x080182c4   0x00000024   Data   RO         2520    FSymTab             pin.o
    0x080182e8   0x080182e8   0x00000120   Data   RO         2859    FSymTab             cmd.o
    0x08018408   0x08018408   0x0000000c   Data   RO         2879    FSymTab             msh.o
    0x08018414   0x08018414   0x000000a8   Data   RO         2895    FSymTab             msh_cmd.o
    0x080184bc   0x080184bc   0x00000020   Data   RO         3406    Region$$Table       anon$$obj.o


    Execution Region RW_IRAM1 (Exec base: 0x20000000, Load base: 0x080184dc, Size: 0x0000bf20, Max: 0x00020000, ABSOLUTE, COMPRESSED[0x000000f4])

    Exec Addr    Load Addr    Size         Type   Attr      Idx    E Section Name        Object

    0x20000000   COMPRESSED   0x000000c0   Data   RW          345    .data               drv_gpio.o
    0x200000c0   COMPRESSED   0x00000040   Data   RW          447    .data               drv_usbd.o
    0x20000100   COMPRESSED   0x00000004   Data   RW          479    .data               system_stm32f4xx.o
    0x20000104   COMPRESSED   0x00000004   Data   RW          516    .data               stm32f4xx_hal.o
    0x20000108   COMPRESSED   0x00000004   Data   RW         1896    .data               stm32f4xx_ll_usb.o
    0x2000010c   COMPRESSED   0x00000004   Data   RW         1954    .data               clock.o
    0x20000110   COMPRESSED   0x00000004   Data   RW         2005    .data               idle.o
    0x20000114   COMPRESSED   0x00000009   Data   RW         2040    .data               irq.o
    0x2000011d   COMPRESSED   0x00000003   PAD
    0x20000120   COMPRESSED   0x0000000c   Data   RW         2057    .data               kservice.o
    0x2000012c   COMPRESSED   0x00000020   Data   RW         2078    .data               mem.o
    0x2000014c   COMPRESSED   0x000000b4   Data   RW         2134    .data               object.o
    0x20000200   COMPRESSED   0x0000001c   Data   RW         2154    .data               scheduler.o
    0x2000021c   COMPRESSED   0x0000000c   Data   RW         2189    .data               thread.o
    0x20000228   COMPRESSED   0x00000010   Data   RW         2208    .data               timer.o
    0x20000238   COMPRESSED   0x00000010   Data   RW         2227    .data               cpuport.o
    0x20000248   COMPRESSED   0x00000108   Data   RW         2282    .data               dfs.o
    0x20000350   COMPRESSED   0x00000010   Data   RW         2760    .data               core.o
    0x20000360   COMPRESSED   0x00000018   Data   RW         2780    .data               usbdevice.o
    0x20000378   COMPRESSED   0x0000009c   Data   RW         2797    .data               winusb.o
    0x20000414   COMPRESSED   0x00000004   Data   RW         2820    .data               shell.o
    0x20000418   COMPRESSED   0x00000010   Data   RW         2842    .data               symbol.o
    0x20000428   COMPRESSED   0x00000004   Data   RW         2965    .data               stdio.o
    0x2000042c   COMPRESSED   0x00000004   Data   RW         3130    .data               c_w.l(stdio_streams.o)
    0x20000430   COMPRESSED   0x00000004   Data   RW         3131    .data               c_w.l(stdio_streams.o)
    0x20000434   COMPRESSED   0x00000004   Data   RW         3132    .data               c_w.l(stdio_streams.o)
    0x20000438        -       0x00008000   Zero   RW            5    .bss                main.o
    0x20008438        -       0x000012fc   Zero   RW          252    .bss                usb_winusb.o
    0x20009734        -       0x000000a4   Zero   RW          409    .bss                drv_usart.o
    0x200097d8        -       0x00000498   Zero   RW          445    .bss                drv_usbd.o
    0x20009c70        -       0x00000180   Zero   RW         2003    .bss                idle.o
    0x20009df0        -       0x00000080   Zero   RW         2055    .bss                kservice.o
    0x20009e70        -       0x00000020   Zero   RW         2075    .bss                mem.o
    0x20009e90        -       0x00000100   Zero   RW         2152    .bss                scheduler.o
    0x20009f90        -       0x000000c4   Zero   RW         2280    .bss                dfs.o
    0x2000a054        -       0x00000124   Zero   RW         2378    .bss                dfs_file.o
    0x2000a178        -       0x00000050   Zero   RW         2517    .bss                pin.o
    0x2000a1c8        -       0x000004f4   Zero   RW         2758    .bss                core.o
    0x2000a6bc        -       0x00001101   Zero   RW         2818    .bss                shell.o
    0x2000b7bd   COMPRESSED   0x00000003   PAD
    0x2000b7c0        -       0x00000054   Zero   RW         3127    .bss                c_w.l(stdio_streams.o)
    0x2000b814        -       0x00000054   Zero   RW         3128    .bss                c_w.l(stdio_streams.o)
    0x2000b868        -       0x00000054   Zero   RW         3129    .bss                c_w.l(stdio_streams.o)
    0x2000b8bc        -       0x00000060   Zero   RW         3352    .bss                c_w.l(libspace.o)
    0x2000b91c   COMPRESSED   0x00000004   PAD
    0x2000b920        -       0x00000200   Zero   RW          506    HEAP                startup_stm32f412zx.o
    0x2000bb20        -       0x00000400   Zero   RW          505    STACK               startup_stm32f412zx.o


==============================================================================

Image component sizes


      Code (inc. data)   RO Data    RW Data    ZI Data      Debug   Object Name

       628         24          0          0          0      11697   board.o
       108          6          0          4          0       1648   clock.o
      3076       1336       1618          0          0      14475   cmd.o
       456        124         57          0          0       4335   completion.o
       216         42         36          0          0       2630   components.o
       272         26          0          0          0        828   context_rvds.o
      9280       1966       1600         16       1268      36956   core.o
       400        188         19         16          0       3787   cpuport.o
      1060        114         75          0          0       4897   dataqueue.o
       936        114        203          0          0       5565   devfs.o
       936        158        183          0          0       7562   device.o
      1136        192         86        264        196      21494   dfs.o
      2504        364        143          0        292       9103   dfs_file.o
      1680        268        140          0          0       6164   dfs_fs.o
      1672         12         85          0          0       9354   dfs_posix.o
      1308        110        200          0          0      10159   dfs_ramfs.o
      1424         44       2412        192          0      27570   drv_gpio.o
      1196        126         76          0        164      30607   drv_usart.o
       912        108         84         64       1176       6224   drv_usbd.o
       312         74         22          4        384       4613   idle.o
      5720        418        471          0          0      21595   ipc.o
       124         14          0          9          0       1980   irq.o
      2736        228        290         12        128      12520   kservice.o
        22          0          4          0          0       1384   libc.o
        44         12          0          0      32768     645659   main.o
      2288        640        358         32         32       9838   mem.o
        56          0          0          0          0       1213   mem_std.o
      1584        276         86          0          0       4128   memheap.o
      1352        148         59          0          0       5391   msh.o
      1256        540        691          0          0       7806   msh_cmd.o
       416         22          0          0          0       1678   msh_file.o
       836        178        109        180          0       7760   object.o
       592         94        267          0         80       5095   pin.o
       764        150         78         28        256       6277   scheduler.o
      3740        464        368          0          0      27669   serial.o
      1952        182         34          4       4353       5227   shell.o
         0          0          0          0          0        928   signal.o
        64         26        452          0       1536        936   startup_stm32f412zx.o
       128         12          0          4          0       1765   stdio.o
       420         32          0          4          0       5082   stm32f4xx_hal.o
       900         22          0          0          0      32490   stm32f4xx_hal_cortex.o
      2220         26          8          0          0       7157   stm32f4xx_hal_dma.o
       912         40          0          0          0       3627   stm32f4xx_hal_gpio.o
      3436         46          0          0          0      10631   stm32f4xx_hal_pcd.o
       404          6          0          0          0       3205   stm32f4xx_hal_pcd_ex.o
      2204         66          0          0          0       5223   stm32f4xx_hal_rcc.o
      3156         78          0          0          0       4534   stm32f4xx_hal_rcc_ex.o
      5038         50          0          0          0      16160   stm32f4xx_hal_uart.o
        16          0          0          0          0        852   stm32f4xx_it.o
      5590         74          0          4          0      14589   stm32f4xx_ll_usb.o
       432         20         27          0          0       5572   stubs.o
         0          0          0         16          0       4417   symbol.o
       288         32         24          4          0       1805   system_stm32f4xx.o
      1664        292        185         12          0       9965   thread.o
      1116        100         92         16          0       8339   timer.o
       584        120         42          0       4860       2785   usb_winusb.o
       164         52          0         24          0       1116   usbdevice.o
       384         48         15          0          0       3171   waitqueue.o
      1256        220        261        156          0      11268   winusb.o

    ----------------------------------------------------------------------
     83376      10124      11012       1068      47496    1140505   Object Totals
         0          0         32          0          0          0   (incl. Generated)
         6          0         20          3          3          0   (incl. Padding)

    ----------------------------------------------------------------------

      Code (inc. data)   RO Data    RW Data    ZI Data      Debug   Library Member Name

        90          0          0          0          0          0   __dczerorl2.o
         8          0          0          0          0         68   __main.o
       104          0          0          0          0         84   __printf.o
         0          0          0          0          0          0   __rtentry.o
        12          0          0          0          0          0   __rtentry2.o
         6          0          0          0          0          0   __rtentry4.o
        52          8          0          0          0          0   __scatter.o
        28          0          0          0          0          0   __scatter_zi.o
        44          0          0          0          0        108   _printf_char.o
        48          6          0          0          0         96   _printf_char_common.o
         0          0          0          0          0          0   _printf_percent.o
         4          0          0          0          0          0   _printf_percent_end.o
         6          0          0          0          0          0   _printf_s.o
        82          0          0          0          0         80   _printf_str.o
        16          0          0          0          0         68   _snputc.o
        10          0          0          0          0         68   _sputc.o
        10          0          0          0          0         68   defsig_exit.o
        50          0          0          0          0         88   defsig_general.o
        52         38          0          0          0         76   defsig_rtred_inner.o
        14          0          0          0          0         80   defsig_rtred_outer.o
        18          0          0          0          0         80   exit.o
        76          0          0          0          0         88   fclose.o
       100          4          0          0          0        120   fflush.o
        24          0          0          0          0         68   fgetc.o
       570          0          0          0          0        132   filbuf.o
       470          0          0          0          0         88   flsbuf.o
        56          6          0          0          0         80   flushlinebuffered.o
       236          4          0          0          0        128   fopen.o
       280          0          0          0          0         96   freadfast.o
       248          6          0          0          0         84   fseek.o
        66          0          0          0          0         76   ftell.o
       188          0          0          0          0         88   fwritefast.o
         4          0          0          0          0         68   getc.o
         6          0          0          0          0        152   heapauxi.o
         4          0          0          0          0        136   hguard.o
       312         46          0          0          0        112   initio.o
         2          0          0          0          0          0   libinit.o
        10          0          0          0          0          0   libinit2.o
         2          0          0          0          0          0   libshutdown.o
         6          0          0          0          0          0   libshutdown2.o
         8          4          0          0         96         68   libspace.o
        72          0          0          0          0         76   llsdiv.o
       238          0          0          0          0        100   lludivv7m.o
        88          0          0          0          0         76   memcmp.o
        52          4          0          0          0         84   noretval__2snprintf.o
         8          4          0          0          0         68   rt_errno_addr_intlibspace.o
        68          0          0          0          0         68   rt_memclr.o
        78          0          0          0          0         80   rt_memclr_w.o
       138          0          0          0          0         68   rt_memcpy_v6.o
       100          0          0          0          0         80   rt_memcpy_w.o
         2          0          0          0          0          0   rtexit.o
        10          0          0          0          0          0   rtexit2.o
        70          0          0          0          0         80   setvbuf.o
       240          6          0          0          0        156   stdio.o
         0          0          0         12        252          0   stdio_streams.o
        24          0          0          0          0         68   strcat.o
       128          0          0          0          0         68   strcmpv7m.o
        72          0          0          0          0         80   strcpy.o
        62          0          0          0          0         76   strlen.o
       150          0          0          0          0         80   strncmp.o
        86          0          0          0          0         76   strncpy.o
        22          0          0          0          0         68   strrchr.o
        36          0          0          0          0         80   strstr.o
        74          0          0          0          0         80   sys_stackheap_outer.o
         2          0          0          0          0         68   use_no_semi.o
        10          0          0          0          0        116   fpinit.o

    ----------------------------------------------------------------------
      5160        136          0         12        352       4344   Library Totals
         8          0          0          0          4          0   (incl. Padding)

    ----------------------------------------------------------------------

      Code (inc. data)   RO Data    RW Data    ZI Data      Debug   Library Name

      5142        136          0         12        348       4228   c_w.l
        10          0          0          0          0        116   fz_wm.l

    ----------------------------------------------------------------------
      5160        136          0         12        352       4344   Library Totals

    ----------------------------------------------------------------------

==============================================================================


      Code (inc. data)   RO Data    RW Data    ZI Data      Debug   

     88536      10260      11012       1080      47848    1130657   Grand Totals
     88536      10260      11012        244      47848    1130657   ELF Image Totals (compressed)
     88536      10260      11012        244          0          0   ROM Totals

==============================================================================

    Total RO  Size (Code + RO Data)                99548 (  97.21kB)
    Total RW  Size (RW Data + ZI Data)             48928 (  47.78kB)
    Total ROM Size (Code + RO Data + RW Data)      99792 (  97.45kB)

==============================================================================

